4165161